
> rust-medical-assistant@0.77.9 build
> vite build

vite v8.2.2 building client environment for production...
transforming...
✓ 613 modules transformed.
rendering chunks...
computing gzip size...
dist/index.html                                    0.55 kB │ gzip:   0.31 kB
dist/assets/index-CmfKht-g.dic                   551.76 kB
dist/assets/medical_terms-DPeAB3Lu.txt         1,223.82 kB │ gzip: 400.72 kB
dist/assets/ScreenRegionOverlay-DgTuR0ij.css       0.49 kB │ gzip:   0.29 kB
dist/assets/OcrProgressIndicator-Bj0ffADg.css      0.57 kB │ gzip:   0.34 kB
dist/assets/app-DNkV_iaF.css                       4.08 kB │ gzip:   1.62 kB
dist/assets/App-QaZE30BE.css                     162.87 kB │ gzip:  23.33 kB
dist/assets/app-CsdNTPz-.js                        0.02 kB │ gzip:   0.03 kB
dist/assets/disclose-version-xihTtKlq.js           0.06 kB │ gzip:   0.08 kB
dist/assets/contentSync-BCUfkqyv.js                0.08 kB │ gzip:   0.08 kB
dist/assets/userDictionary-DTCbOZLI.js             0.08 kB │ gzip:   0.09 kB
dist/assets/contentSync-Dd2yWO7H.js                0.23 kB │ gzip:   0.17 kB
dist/assets/userDictionary-DZH6tjCN.js             0.28 kB │ gzip:   0.17 kB
dist/assets/OcrProgressIndicator-DNt9BPH0.js       0.73 kB │ gzip:   0.48 kB
dist/assets/preload-helper-Czpn1I53.js             1.19 kB │ gzip:   0.67 kB
dist/assets/ScreenRegionOverlay-Ck3abQdV.js        1.53 kB │ gzip:   0.82 kB
dist/assets/core-DNaw6KYU.js                       1.87 kB │ gzip:   0.79 kB
dist/assets/image-xwM6lJ9v.js                      1.87 kB │ gzip:   0.83 kB
dist/assets/index-C-bsFAnq.js                      2.08 kB │ gzip:   0.91 kB
dist/assets/webview-Bm2MbXO9.js                   15.45 kB │ gzip:   3.26 kB
dist/assets/index-client-B_T0eHus.js              44.70 kB │ gzip:  17.29 kB
dist/assets/App-Bd1q97BX.js                      881.28 kB │ gzip: 285.89 kB

✓ built in 837ms
(!) Your Vite config uses features that are unsupported by `configLoader: 'native'`, which is planned to become the default in a future major version of Vite:
  - import "./vite-plugins/dictionary-en" without a file extension (vite.config.ts:5:43). Add the file extension
Set `VITE_CONFIG_NATIVE_IGNORE_WARNING=true` to suppress this warning.
[plugin builtin:vite-reporter]
(!) Some chunks are larger than 500 kB after minification. Consider:
- Using dynamic import() to code-split the application
- Use build.rolldownOptions.output.codeSplitting to improve chunking: https://rolldown.rs/reference/OutputOptions.codeSplitting
- Adjust chunk size limit for this warning via build.chunkSizeWarningLimit.
